
> reweave-blog@0.0.2 build
> tsx src/core/build.tsx

Bundling worker...
Worker bundled.
Copied public assets.
Total markdown files found: 8
Files: [
  'complex-sample.md',
  'configuration-guide.md',
  'future-static.md',
  'hello-world.md',
  'performance-report.md',
  'rich-text-demo.md',
  'test-latex.md',
  'theme-development-tutorial.md'
]
Total posts processed: 2
Posts: [
  {
    slug: 'configuration-guide',
    title: 'ReWeave 閰嶇疆鎸囧崡锛氬叏鏂逛綅瀹氬埗浣犵殑鍗氬',
    date: '2025-12-23T00:00:00.000Z'
  },
  {
    slug: 'performance-report',
    title: 'ReWeave 鎬ц兘鎶ュ憡锛氭绉掔骇鏋勫缓鐨勭瀵?,
    date: '2025-12-21T00:00:00.000Z'
  }
]
getPosts: 2.876s
Found 2 posts.
Processing 2 active posts.
Building CSS...
postBuilds: 23.412ms
CSS built successfully.
Build complete! Generated 20 pages.
Thanks for using ReWeave!銉?鈮р柦鈮?)o -Powered By ReWeave Labs
Content Version dbf3807. Feel free to start an issue on Github!( 鈥⑻€ 蠅 鈥⑻?)鉁?(https://github.com/xtawa/ReWeave)
